Archive member included to satisfy reference by file (symbol)

C:\Users\megan\Google Drive\College\S6 - Spring 2017\Mobile Robotics\Lab\Library\libcapi324v221.a(ADC_open.o)
                              main.o (ADC_open)
C:\Users\megan\Google Drive\College\S6 - Spring 2017\Mobile Robotics\Lab\Library\libcapi324v221.a(ADC_sample.o)
                              main.o (ADC_sample)
C:\Users\megan\Google Drive\College\S6 - Spring 2017\Mobile Robotics\Lab\Library\libcapi324v221.a(ADC_set_VREF.o)
                              main.o (ADC_set_VREF)
C:\Users\megan\Google Drive\College\S6 - Spring 2017\Mobile Robotics\Lab\Library\libcapi324v221.a(ADC_set_channel.o)
                              main.o (ADC_set_channel)
C:\Users\megan\Google Drive\College\S6 - Spring 2017\Mobile Robotics\Lab\Library\libcapi324v221.a(__ADC_init.o)
                              C:\Users\megan\Google Drive\College\S6 - Spring 2017\Mobile Robotics\Lab\Library\libcapi324v221.a(ADC_open.o) (__ADC_init)
C:\Users\megan\Google Drive\College\S6 - Spring 2017\Mobile Robotics\Lab\Library\libcapi324v221.a(CBOT_main.o)
                              C:/Program Files (x86)/Atmel/Studio/7.0/Packs/atmel/ATmega_DFP/1.1.130/gcc/dev/atmega324p/avr5/crtatmega324p.o (main)
C:\Users\megan\Google Drive\College\S6 - Spring 2017\Mobile Robotics\Lab\Library\libcapi324v221.a(LCD_clear.o)
                              main.o (LCD_clear)
C:\Users\megan\Google Drive\College\S6 - Spring 2017\Mobile Robotics\Lab\Library\libcapi324v221.a(LCD_open.o)
                              main.o (LCD_open)
C:\Users\megan\Google Drive\College\S6 - Spring 2017\Mobile Robotics\Lab\Library\libcapi324v221.a(LCD_set_PGC_addr.o)
                              C:\Users\megan\Google Drive\College\S6 - Spring 2017\Mobile Robotics\Lab\Library\libcapi324v221.a(LCD_clear.o) (LCD_set_PGC_addr)
C:\Users\megan\Google Drive\College\S6 - Spring 2017\Mobile Robotics\Lab\Library\libcapi324v221.a(LCD_set_backlight.o)
                              C:\Users\megan\Google Drive\College\S6 - Spring 2017\Mobile Robotics\Lab\Library\libcapi324v221.a(LCD_open.o) (LCD_set_backlight)
C:\Users\megan\Google Drive\College\S6 - Spring 2017\Mobile Robotics\Lab\Library\libcapi324v221.a(LCD_set_next_PGC.o)
                              C:\Users\megan\Google Drive\College\S6 - Spring 2017\Mobile Robotics\Lab\Library\libcapi324v221.a(LCD_clear.o) (LCD_set_next_PGC)
C:\Users\megan\Google Drive\College\S6 - Spring 2017\Mobile Robotics\Lab\Library\libcapi324v221.a(LCD_write.o)
                              C:\Users\megan\Google Drive\College\S6 - Spring 2017\Mobile Robotics\Lab\Library\libcapi324v221.a(LCD_clear.o) (LCD_write)
C:\Users\megan\Google Drive\College\S6 - Spring 2017\Mobile Robotics\Lab\Library\libcapi324v221.a(__LCD_init.o)
                              C:\Users\megan\Google Drive\College\S6 - Spring 2017\Mobile Robotics\Lab\Library\libcapi324v221.a(LCD_open.o) (__LCD_init)
C:\Users\megan\Google Drive\College\S6 - Spring 2017\Mobile Robotics\Lab\Library\libcapi324v221.a(SPI_open.o)
                              C:\Users\megan\Google Drive\College\S6 - Spring 2017\Mobile Robotics\Lab\Library\libcapi324v221.a(LCD_open.o) (SPI_open)
C:\Users\megan\Google Drive\College\S6 - Spring 2017\Mobile Robotics\Lab\Library\libcapi324v221.a(SPI_set_config_func.o)
                              C:\Users\megan\Google Drive\College\S6 - Spring 2017\Mobile Robotics\Lab\Library\libcapi324v221.a(SPI_open.o) (SPI_set_config_func)
C:\Users\megan\Google Drive\College\S6 - Spring 2017\Mobile Robotics\Lab\Library\libcapi324v221.a(SPI_set_slave_addr.o)
                              C:\Users\megan\Google Drive\College\S6 - Spring 2017\Mobile Robotics\Lab\Library\libcapi324v221.a(LCD_set_backlight.o) (SPI_set_slave_addr)
C:\Users\megan\Google Drive\College\S6 - Spring 2017\Mobile Robotics\Lab\Library\libcapi324v221.a(SPI_transmit.o)
                              C:\Users\megan\Google Drive\College\S6 - Spring 2017\Mobile Robotics\Lab\Library\libcapi324v221.a(LCD_set_backlight.o) (SPI_transmit)
C:\Users\megan\Google Drive\College\S6 - Spring 2017\Mobile Robotics\Lab\Library\libcapi324v221.a(__SPI_init.o)
                              C:\Users\megan\Google Drive\College\S6 - Spring 2017\Mobile Robotics\Lab\Library\libcapi324v221.a(SPI_open.o) (__SPI_init)
C:\Users\megan\Google Drive\College\S6 - Spring 2017\Mobile Robotics\Lab\Library\libcapi324v221.a(STEPPER_move.o)
                              main.o (STEPPER_move)
C:\Users\megan\Google Drive\College\S6 - Spring 2017\Mobile Robotics\Lab\Library\libcapi324v221.a(STEPPER_open.o)
                              main.o (STEPPER_open)
C:\Users\megan\Google Drive\College\S6 - Spring 2017\Mobile Robotics\Lab\Library\libcapi324v221.a(STEPPER_run.o)
                              C:\Users\megan\Google Drive\College\S6 - Spring 2017\Mobile Robotics\Lab\Library\libcapi324v221.a(STEPPER_move.o) (STEPPER_run)
[...]
Memory Configuration

Name             Origin             Length             Attributes
text             0x00000000         0x00020000         xr
data             0x00800060         0x0000ffa0         rw !x
eeprom           0x00810000         0x00010000         rw !x
fuse             0x00820000         0x00000003         rw !x
lock             0x00830000         0x00000400         rw !x
signature        0x00840000         0x00000400         rw !x
user_signatures  0x00850000         0x00000400         rw !x
*default*        0x00000000         0xffffffff

Linker script and memory map

Address of section .data set to 0x800100
LOAD C:/Program Files (x86)/Atmel/Studio/7.0/Packs/atmel/ATmega_DFP/1.1.130/gcc/dev/atmega324p/avr5/crtatmega324p.o
LOAD main.o
START GROUP
LOAD C:\Users\megan\Google Drive\College\S6 - Spring 2017\Mobile Robotics\Lab\Library\libcapi324v221.a
LOAD c:/program files (x86)/atmel/studio/7.0/toolchain/avr8/avr8-gnu-toolchain/bin/../lib/gcc/avr/4.9.2/../../../../avr/lib/avr5\libprintf_flt.a
LOAD c:/program files (x86)/atmel/studio/7.0/toolchain/avr8/avr8-gnu-toolchain/bin/../lib/gcc/avr/4.9.2/../../../../avr/lib/avr5\libm.a
END GROUP
START GROUP
LOAD c:/program files (x86)/atmel/studio/7.0/toolchain/avr8/avr8-gnu-toolchain/bin/../lib/gcc/avr/4.9.2/avr5\libgcc.a
LOAD c:/program files (x86)/atmel/studio/7.0/toolchain/avr8/avr8-gnu-toolchain/bin/../lib/gcc/avr/4.9.2/../../../../avr/lib/avr5\libm.a
LOAD c:/program files (x86)/atmel/studio/7.0/toolchain/avr8/avr8-gnu-toolchain/bin/../lib/gcc/avr/4.9.2/../../../../avr/lib/avr5\libc.a
LOAD C:/Program Files (x86)/Atmel/Studio/7.0/Packs/atmel/ATmega_DFP/1.1.130/gcc/dev/atmega324p/avr5\libatmega324p.a
END GROUP
                0x00020000                __TEXT_REGION_LENGTH__ = DEFINED (__TEXT_REGION_LENGTH__)?__TEXT_REGION_LENGTH__:0x20000
                0x0000ffa0                __DATA_REGION_LENGTH__ = DEFINED (__DATA_REGION_LENGTH__)?__DATA_REGION_LENGTH__:0xffa0
                0x00010000                __EEPROM_REGION_LENGTH__ = DEFINED (__EEPROM_REGION_LENGTH__)?__EEPROM_REGION_LENGTH__:0x10000
                [0x00000003]                __FUSE_REGION_LENGTH__ = DEFINED (__FUSE_REGION_LENGTH__)?__FUSE_REGION_LENGTH__:0x400
                0x00000400                __LOCK_REGION_LENGTH__ = DEFINED (__LOCK_REGION_LENGTH__)?__LOCK_REGION_LENGTH__:0x400
                0x00000400                __SIGNATURE_REGION_LENGTH__ = DEFINED (__SIGNATURE_REGION_LENGTH__)?__SIGNATURE_REGION_LENGTH__:0x400
                0x00000400                __USER_SIGNATURE_REGION_LENGTH__ = DEFINED (__USER_SIGNATURE_REGION_LENGTH__)?__USER_SIGNATURE_REGION_LENGTH__:0x400

.hash
 *(.hash)

.dynsym
 *(.dynsym)

.dynstr
 *(.dynstr)

.gnu.version
 *(.gnu.version)

.gnu.version_d
 *(.gnu.version_d)

.gnu.version_r
 *(.gnu.version_r)

.rel.init
 *(.rel.init)

.rela.init
 *(.rela.init)

.rel.text
 *(.rel.text)
 *(.rel.text.*)
 *(.rel.gnu.linkonce.t*)

.rela.text
 *(.rela.text)
 *(.rela.text.*)
 *(.rela.gnu.linkonce.t*)

.rel.fini
 *(.rel.fini)

.rela.fini
 *(.rela.fini)

.rel.rodata
 *(.rel.rodata)
 *(.rel.rodata.*)
 *(.rel.gnu.linkonce.r*)

.rela.rodata
 *(.rela.rodata)
 *(.rela.rodata.*)
 *(.rela.gnu.linkonce.r*)

.rel.data
 *(.rel.data)
 *(.rel.data.*)
 *(.rel.gnu.linkonce.d*)

.rela.data
 *(.rela.data)
 *(.rela.data.*)
 *(.rela.gnu.linkonce.d*)

.rel.ctors
 *(.rel.ctors)

.rela.ctors
 *(.rela.ctors)

.rel.dtors
 *(.rel.dtors)

.rela.dtors
 *(.rela.dtors)

.rel.got
 *(.rel.got)

.rela.got
 *(.rela.got)

.rel.bss
 *(.rel.bss)

.rela.bss
 *(.rela.bss)

.rel.plt
 *(.rel.plt)

.rela.plt
 *(.rela.plt)

.text           0x00000000     0x3e06
 *(.vectors)
 .vectors       0x00000000       0x7c C:/Program Files (x86)/Atmel/Studio/7.0/Packs/atmel/ATmega_DFP/1.1.130/gcc/dev/atmega324p/avr5/crtatmega324p.o
                0x00000000                __vector_default
                0x00000000                __vectors
 *(.vectors)
 *(.progmem.gcc*)
 .progmem.gcc_fplib
                0x0000007c       0x28 c:/program files (x86)/atmel/studio/7.0/toolchain/avr8/avr8-gnu-toolchain/bin/../lib/gcc/avr/4.9.2/../../../../avr/lib/avr5\libm.a(exp.o)
 .progmem.gcc_fplib
                0x000000a4       0x5a c:/program files (x86)/atmel/studio/7.0/toolchain/avr8/avr8-gnu-toolchain/bin/../lib/gcc/avr/4.9.2/../../../../avr/lib/avr5\libm.a(log.o)
                0x000000fe                . = ALIGN (0x2)
                0x000000fe                __trampolines_start = .
 *(.trampolines)
 .trampolines   0x000000fe        0x0 linker stubs
 *(.trampolines*)
                0x000000fe                __trampolines_end = .
 *libprintf_flt.a:*(.progmem.data)
 .progmem.data  0x000000fe        0x8 c:/program files (x86)/atmel/studio/7.0/toolchain/avr8/avr8-gnu-toolchain/bin/../lib/gcc/avr/4.9.2/../../../../avr/lib/avr5\libprintf_flt.a(vfprintf_flt.o)
 *libc.a:*(.progmem.data)
 .progmem.data  0x00000106       0xfa c:/program files (x86)/atmel/studio/7.0/toolchain/avr8/avr8-gnu-toolchain/bin/../lib/gcc/avr/4.9.2/../../../../avr/lib/avr5\libc.a(ftoa_engine.o)
 *(.progmem*)
 .progmem.data  0x00000200      0x415 C:\Users\megan\Google Drive\College\S6 - Spring 2017\Mobile Robotics\Lab\Library\libcapi324v221.a(LCD_globals.o)
                0x00000200                char_bitmap
                0x00000415                CEENBoT_Inc_logo_bitmap
                0x00000616                . = ALIGN (0x2)
 *fill*         0x00000615        0x1 
 *(.jumptables)
 *(.jumptables*)
 *(.lowtext)
 *(.lowtext*)
                0x00000616                __ctors_start = .
 *(.ctors)
                0x00000616                __ctors_end = .
                0x00000616                __dtors_start = .
 *(.dtors)
                0x00000616                __dtors_end = .
 SORT(*)(.ctors)
 SORT(*)(.dtors)
 *(.init0)
 .init0         0x00000616        0x0 C:/Program Files (x86)/Atmel/Studio/7.0/Packs/atmel/ATmega_DFP/1.1.130/gcc/dev/atmega324p/avr5/crtatmega324p.o
                0x00000616                __init
 *(.init0)
 *(.init1)
 *(.init1)
 *(.init2)
 .init2         0x00000616        0xc C:/Program Files (x86)/Atmel/Studio/7.0/Packs/atmel/ATmega_DFP/1.1.130/gcc/dev/atmega324p/avr5/crtatmega324p.o
 *(.init2)
 *(.init3)
 *(.init3)
 *(.init4)
 .init4         0x00000622       0x16 c:/program files (x86)/atmel/studio/7.0/toolchain/avr8/avr8-gnu-toolchain/bin/../lib/gcc/avr/4.9.2/avr5\libgcc.a(_copy_data.o)
                0x00000622                __do_copy_data
 .init4         0x00000638       0x10 c:/program files (x86)/atmel/studio/7.0/toolchain/avr8/avr8-gnu-toolchain/bin/../lib/gcc/avr/4.9.2/avr5\libgcc.a(_clear_bss.o)
                0x00000638                __do_clear_bss
 *(.init4)
 *(.init5)
 *(.init5)
 *(.init6)
 *(.init6)
 *(.init7)
 *(.init7)
 *(.init8)
 *(.init8)
 *(.init9)
 .init9         0x00000648        0x6 C:/Program Files (x86)/Atmel/Studio/7.0/Packs/atmel/ATmega_DFP/1.1.130/gcc/dev/atmega324p/avr5/crtatmega324p.o
 *(.init9)
 *(.text)
 .text          0x0000064e        0x2 C:/Program Files (x86)/Atmel/Studio/7.0/Packs/atmel/ATmega_DFP/1.1.130/gcc/dev/atmega324p/avr5/crtatmega324p.o
                0x0000064e                __vector_22
                0x0000064e                __vector_28
                0x0000064e                __vector_1
                0x0000064e                __vector_24
                0x0000064e                __bad_interrupt
                0x0000064e                __vector_3
                0x0000064e                __vector_23
                0x0000064e                __vector_30
                0x0000064e                __vector_25
                0x0000064e                __vector_19
                0x0000064e                __vector_27
                0x0000064e                __vector_2
                0x0000064e                __vector_21
                0x0000064e                __vector_29
                0x0000064e                __vector_8
                0x0000064e                __vector_26
                0x0000064e                __vector_20
 .text          0x00000650       0x14 C:\Users\megan\Google Drive\College\S6 - Spring 2017\Mobile Robotics\Lab\Library\libcapi324v221.a(ADC_open.o)
                0x00000650                ADC_open
 .text          0x00000664       0x3e C:\Users\megan\Google Drive\College\S6 - Spring 2017\Mobile Robotics\Lab\Library\libcapi324v221.a(ADC_sample.o)
                0x00000664                ADC_sample
 .text          0x000006a2       0x16 C:\Users\megan\Google Drive\College\S6 - Spring 2017\Mobile Robotics\Lab\Library\libcapi324v221.a(ADC_set_VREF.o)
                0x000006a2                ADC_set_VREF
 .text          0x000006b8       0x6e C:\Users\megan\Google Drive\College\S6 - Spring 2017\Mobile Robotics\Lab\Library\libcapi324v221.a(ADC_set_channel.o)
                0x000006b8                ADC_set_channel
 .text          0x00000726       0x16 C:\Users\megan\Google Drive\College\S6 - Spring 2017\Mobile Robotics\Lab\Library\libcapi324v221.a(__ADC_init.o)
                0x00000726                __ADC_init
 .text          0x0000073c        0xe C:\Users\megan\Google Drive\College\S6 - Spring 2017\Mobile Robotics\Lab\Library\libcapi324v221.a(CBOT_main.o)
                0x0000073c                main
 .text          0x0000074a       0x42 C:\Users\megan\Google Drive\College\S6 - Spring 2017\Mobile Robotics\Lab\Library\libcapi324v221.a(LCD_clear.o)
                0x0000074a                LCD_clear
 .text          0x0000078c       0xe2 C:\Users\megan\Google Drive\College\S6 - Spring 2017\Mobile Robotics\Lab\Library\libcapi324v221.a(LCD_open.o)
                0x0000078c                LCD_open
 .text          0x0000086e       0x3c C:\Users\megan\Google Drive\College\S6 - Spring 2017\Mobile Robotics\Lab\Library\libcapi324v221.a(LCD_set_PGC_addr.o)
                0x0000086e                LCD_set_PGC_addr
 .text          0x000008aa       0x36 C:\Users\megan\Google Drive\College\S6 - Spring 2017\Mobile Robotics\Lab\Library\libcapi324v221.a(LCD_set_backlight.o)
                0x000008aa                LCD_set_backlight
 .text          0x000008e0       0x22 C:\Users\megan\Google Drive\College\S6 - Spring 2017\Mobile Robotics\Lab\Library\libcapi324v221.a(LCD_set_next_PGC.o)
                0x000008e0                LCD_set_next_PGC
 .text          0x00000902       0x32 C:\Users\megan\Google Drive\College\S6 - Spring 2017\Mobile Robotics\Lab\Library\libcapi324v221.a(LCD_write.o)
                0x00000902                LCD_write
 .text          0x00000934        0x4 C:\Users\megan\Google Drive\College\S6 - Spring 2017\Mobile Robotics\Lab\Library\libcapi324v221.a(__LCD_init.o)
                0x00000934                __LCD_init
 .text          0x00000938       0x5e C:\Users\megan\Google Drive\College\S6 - Spring 2017\Mobile Robotics\Lab\Library\libcapi324v221.a(SPI_open.o)
                0x00000938                SPI_open
 .text          0x00000996       0x12 C:\Users\megan\Google Drive\College\S6 - Spring 2017\Mobile Robotics\Lab\Library\libcapi324v221.a(SPI_set_config_func.o)
                0x00000996                SPI_set_config_func
 .text          0x000009a8       0xbc C:\Users\megan\Google Drive\College\S6 - Spring 2017\Mobile Robotics\Lab\Library\libcapi324v221.a(SPI_set_slave_addr.o)
                0x000009a8                SPI_set_slave_addr
 .text          0x00000a64       0x1a C:\Users\megan\Google Drive\College\S6 - Spring 2017\Mobile Robotics\Lab\Library\libcapi324v221.a(SPI_transmit.o)
                0x00000a64                SPI_transmit
 .text          0x00000a7e        0xe C:\Users\megan\Google Drive\College\S6 - Spring 2017\Mobile Robotics\Lab\Library\libcapi324v221.a(__SPI_init.o)
                0x00000a7e                __SPI_init
 .text          0x00000a8c       0xe8 C:\Users\megan\Google Drive\College\S6 - Spring 2017\Mobile Robotics\Lab\Library\libcapi324v221.a(STEPPER_open.o)
                0x00000a8c                STEPPER_open
 .text          0x00000b74       0x58 C:\Users\megan\Google Drive\College\S6 - Spring 2017\Mobile Robotics\Lab\Library\libcapi324v221.a(STEPPER_set_speed.o)
                0x00000b74                STEPPER_set_speed
 .text          0x00000bcc       0x14 C:\Users\megan\Google Drive\College\S6 - Spring 2017\Mobile Robotics\Lab\Library\libcapi324v221.a(__STEPPER_init.o)
                0x00000bcc                __STEPPER_init
 .text          0x00000be0       0x22 C:\Users\megan\Google Drive\College\S6 - Spring 2017\Mobile Robotics\Lab\Library\libcapi324v221.a(SYS_decrement_refcount.o)
                0x00000be0                SYS_decrement_refcount
 .text          0x00000c02       0x1c C:\Users\megan\Google Drive\College\S6 - Spring 2017\Mobile Robotics\Lab\Library\libcapi324v221.a(SYS_increment_refcount.o)
                0x00000c02                SYS_increment_refcount
 .text          0x00000c1e       0x1a C:\Users\megan\Google Drive\College\S6 - Spring 2017\Mobile Robotics\Lab\Library\libcapi324v221.a(SYS_isOpen.o)
                0x00000c1e                SYS_isOpen
 .text          0x00000c38       0x50 C:\Users\megan\Google Drive\College\S6 - Spring 2017\Mobile Robotics\Lab\Library\libcapi324v221.a(ATTINY_open.o)
                0x00000c38                ATTINY_open
 .text          0x00000c88       0x82 C:\Users\megan\Google Drive\College\S6 - Spring 2017\Mobile Robotics\Lab\Library\libcapi324v221.a(__ATTINY_initialize_params.o)
                0x00000c88                __ATTINY_initialize_params
 .text          0x00000d0a       0x7a C:\Users\megan\Google Drive\College\S6 - Spring 2017\Mobile Robotics\Lab\Library\libcapi324v221.a(TMRSRVC_new.o)
                0x00000d0a                TMRSRVC_new
 .text          0x00000d84       0xd2 C:\Users\megan\Google Drive\College\S6 - Spring 2017\Mobile Robotics\Lab\Library\libcapi324v221.a(__TMRSRVC_insert.o)
                0x00000d84                TMRSRVC_insert
 .text          0x00000e56      0x204 C:\Users\megan\Google Drive\College\S6 - Spring 2017\Mobile Robotics\Lab\Library\libcapi324v221.a(UART_configure.o)
                0x00000f1c                UART_configure
 .text          0x0000105a       0x32 C:\Users\megan\Google Drive\College\S6 - Spring 2017\Mobile Robotics\Lab\Library\libcapi324v221.a(UART_has_data.o)
                0x0000105a                UART_has_data
 .text          0x0000108c       0x70 C:\Users\megan\Google Drive\College\S6 - Spring 2017\Mobile Robotics\Lab\Library\libcapi324v221.a(UART_open.o)
                0x0000108c                UART_open
 .text          0x000010fc       0xa2 C:\Users\megan\Google Drive\College\S6 - Spring 2017\Mobile Robotics\Lab\Library\libcapi324v221.a(UART_receive.o)
                0x000010fc                UART_receive
 .text          0x0000119e       0x92 C:\Users\megan\Google Drive\College\S6 - Spring 2017\Mobile Robotics\Lab\Library\libcapi324v221.a(UART_set_RX_state.o)
                0x0000119e                UART_set_RX_state
 .text          0x00001230       0x92 C:\Users\megan\Google Drive\College\S6 - Spring 2017\Mobile Robotics\Lab\Library\libcapi324v221.a(UART_set_TX_state.o)
                0x00001230                UART_set_TX_state
 .text          0x000012c2       0x32 C:\Users\megan\Google Drive\College\S6 - Spring 2017\Mobile Robotics\Lab\Library\libcapi324v221.a(UART_set_timeout.o)
                0x000012c2                UART_set_timeout
 .text          0x000012f4       0x96 C:\Users\megan\Google Drive\College\S6 - Spring 2017\Mobile Robotics\Lab\Library\libcapi324v221.a(UART_transmit.o)
                0x000012f4                UART_transmit
 .text          0x0000138a       0x1a C:\Users\megan\Google Drive\College\S6 - Spring 2017\Mobile Robotics\Lab\Library\libcapi324v221.a(__UART_init.o)
                0x0000138a                __UART_init
 .text          0x000013a4       0x10 C:\Users\megan\Google Drive\College\S6 - Spring 2017\Mobile Robotics\Lab\Library\libcapi324v221.a(CBOT_init.o)
                0x000013a4                CBOT_init
 .text          0x000013b4      0x480 C:\Users\megan\Google Drive\College\S6 - Spring 2017\Mobile Robotics\Lab\Library\libcapi324v221.a(CBOT_isr.o)
                0x000013b4                CBOT_ISR_init
                0x000013b8                __vector_16
                0x0000140a                __vector_17
                0x0000145c                __vector_18
                0x000014ae                __vector_9
                0x00001500                __vector_10
                0x00001552                __vector_11
                0x000015a4                __vector_13
                0x000015f6                __vector_14
                0x00001648                __vector_12
                0x0000169a                __vector_15
                0x000016ec                __vector_4
                0x0000173e                __vector_5
                0x00001790                __vector_6
                0x000017e2                __vector_7
 .text          0x00001834       0x22 C:\Users\megan\Google Drive\College\S6 - Spring 2017\Mobile Robotics\Lab\Library\libcapi324v221.a(ISR_open.o)
                0x00001834                ISR_open
 .text          0x00001856      0x160 C:\Users\megan\Google Drive\College\S6 - Spring 2017\Mobile Robotics\Lab\Library\libcapi324v221.a(__LCD_putchar.o)
                0x00001856                __LCD_putchar
 .text          0x000019b6        0xe C:\Users\megan\Google Drive\College\S6 - Spring 2017\Mobile Robotics\Lab\Library\libcapi324v221.a(ATMEGA_open.o)
                0x000019b6                ATMEGA_open
 .text          0x000019c4       0xac C:\Users\megan\Google Drive\College\S6 - Spring 2017\Mobile Robotics\Lab\Library\libcapi324v221.a(ATMEGA_set_clk_mode.o)
                0x000019c4                ATMEGA_set_clk_mode
 .text          0x00001a70        0x6 C:\Users\megan\Google Drive\College\S6 - Spring 2017\Mobile Robotics\Lab\Library\libcapi324v221.a(__ATMEGA_init.o)
                0x00001a70                __ATMEGA_init
 .text          0x00001a76       0x52 C:\Users\megan\Google Drive\College\S6 - Spring 2017\Mobile Robotics\Lab\Library\libcapi324v221.a(SPI_cfgrs.o)
                0x00001a76                SPI_FLASH_config
                0x00001a88                SPI_default_config
                0x00001a98                SPI_ATtiny0_config
                0x00001aa8                SPI_PSXC_config
                0x00001ab8                SPI_LCD_config
 .text          0x00001ac8       0x20 C:\Users\megan\Google Drive\College\S6 - Spring 2017\Mobile Robotics\Lab\Library\libcapi324v221.a(SPI_receive.o)
                0x00001ac8                SPI_receive
 .text          0x00001ae8       0x54 C:\Users\megan\Google Drive\College\S6 - Spring 2017\Mobile Robotics\Lab\Library\libcapi324v221.a(SPKR_close.o)
                0x00001ae8                __SPKR_close_beep_mode
                0x00001afa                __SPKR_close_tone_mode
                0x00001b2e                SPKR_close
 .text          0x00001b3c      0x158 C:\Users\megan\Google Drive\College\S6 - Spring 2017\Mobile Robotics\Lab\Library\libcapi324v221.a(SPKR_open.o)
                0x00001b3c                __SPKR_set_up_freq_LUT
                0x00001c02                __SPKR_open_beep_mode
                0x00001c26                __SPKR_open_tone_mode
                0x00001c7e                SPKR_open
 .text          0x00001c94       0xa4 C:\Users\megan\Google Drive\College\S6 - Spring 2017\Mobile Robotics\Lab\Library\libcapi324v221.a(SPKR_play_beep.o)
                0x00001c94                SPKR_play_beep
 .text          0x00001d38       0x38 C:\Users\megan\Google Drive\College\S6 - Spring 2017\Mobile Robotics\Lab\Library\libcapi324v221.a(__SPKR_close.o)
                0x00001d38                __SPKR_close
 .text          0x00001d70       0x54 C:\Users\megan\Google Drive\College\S6 - Spring 2017\Mobile Robotics\Lab\Library\libcapi324v221.a(__SPKR_init.o)
                0x00001d70                __SPKR_init
 .text          0x00001dc4        0xc C:\Users\megan\Google Drive\College\S6 - Spring 2017\Mobile Robotics\Lab\Library\libcapi324v221.a(__SPKR_stop.o)
                0x00001dc4                __SPKR_stop
 .text          0x00001dd0       0x36 C:\Users\megan\Google Drive\College\S6 - Spring 2017\Mobile Robotics\Lab\Library\libcapi324v221.a(STEPPER_set_steps.o)
                0x00001dd0                STEPPER_set_steps
 .text          0x00001e06       0x1c C:\Users\megan\Google Drive\College\S6 - Spring 2017\Mobile Robotics\Lab\Library\libcapi324v221.a(SYS_init.o)
                0x00001e06                SYS_init
 .text          0x00001e22       0x10 C:\Users\megan\Google Drive\College\S6 - Spring 2017\Mobile Robotics\Lab\Library\libcapi324v221.a(SYS_set_refcount.o)
                0x00001e22                SYS_set_refcount
 .text          0x00001e32       0x74 C:\Users\megan\Google Drive\College\S6 - Spring 2017\Mobile Robotics\Lab\Library\libcapi324v221.a(ATTINY_get_firm_rev.o)
                0x00001e32                ATTINY_get_firm_rev
 .text          0x00001ea6       0x5c C:\Users\megan\Google Drive\College\S6 - Spring 2017\Mobile Robotics\Lab\Library\libcapi324v221.a(TMRSRVC_delay.o)
                0x00001ea6                TMRSRVC_delay
 .text          0x00001f02       0x34 C:\Users\megan\Google Drive\College\S6 - Spring 2017\Mobile Robotics\Lab\Library\libcapi324v221.a(TMRSRVC_open.o)
                0x00001f02                TMRSRVC_open
 .text          0x00001f36        0x8 C:\Users\megan\Google Drive\College\S6 - Spring 2017\Mobile Robotics\Lab\Library\libcapi324v221.a(TMRSRVC_start.o)
                0x00001f36                TMRSRVC_start
 .text          0x00001f3e       0x12 C:\Users\megan\Google Drive\College\S6 - Spring 2017\Mobile Robotics\Lab\Library\libcapi324v221.a(__TMRSRVC_init.o)
                0x00001f3e                __TMRSRVC_init
 .text          0x00001f50        0xc C:\Users\megan\Google Drive\College\S6 - Spring 2017\Mobile Robotics\Lab\Library\libcapi324v221.a(__TMRSRVC_start.o)
                0x00001f50                __TMRSRVC_start
 .text          0x00001f5c       0x26 C:\Users\megan\Google Drive\College\S6 - Spring 2017\Mobile Robotics\Lab\Library\libcapi324v221.a(ISR_attach.o)
                0x00001f5c                ISR_attach
 .text          0x00001f82       0x20 C:\Users\megan\Google Drive\College\S6 - Spring 2017\Mobile Robotics\Lab\Library\libcapi324v221.a(__ISR_attach.o)
                0x00001f82                __ISR_attach
 .text          0x00001fa2        0x4 C:\Users\megan\Google Drive\College\S6 - Spring 2017\Mobile Robotics\Lab\Library\libcapi324v221.a(ISR__SPKR__TIMER1_COMPA_vect.o)
                0x00001fa2                __SPKR_TIMER1_COMPA_vect
 .text          0x00001fa6       0x48 C:\Users\megan\Google Drive\College\S6 - Spring 2017\Mobile Robotics\Lab\Library\libcapi324v221.a(SPKR_beep.o)
                0x00001fa6                SPKR_beep
 .text          0x00001fee       0x82 C:\Users\megan\Google Drive\College\S6 - Spring 2017\Mobile Robotics\Lab\Library\libcapi324v221.a(SPKR_clk.o)
                0x00001fee                SPKR_clk
 .text          0x00002070        0x6 C:\Users\megan\Google Drive\College\S6 - Spring 2017\Mobile Robotics\Lab\Library\libcapi324v221.a(ISR__TIMER0_COMPA_vect.o)
                0x00002070                __TIMER0_COMPA_vect
 .text          0x00002076       0x32 C:\Users\megan\Google Drive\College\S6 - Spring 2017\Mobile Robotics\Lab\Library\libcapi324v221.a(TMRSRVC_tick.o)
                0x00002076                TMRSRVC_tick
 .text          0x000020a8       0x4e C:\Users\megan\Google Drive\College\S6 - Spring 2017\Mobile Robotics\Lab\Library\libcapi324v221.a(SPKR_beep_clk.o)
                0x000020a8                SPKR_beep_clk
 .text          0x000020f6      0x15e C:\Users\megan\Google Drive\College\S6 - Spring 2017\Mobile Robotics\Lab\Library\libcapi324v221.a(STEPPER_clk.o)
                0x000020f6                STEPPER_clk
 .text          0x00002254       0x8a C:\Users\megan\Google Drive\College\S6 - Spring 2017\Mobile Robotics\Lab\Library\libcapi324v221.a(STEPPER_process_accel.o)
                0x00002254                STEPPER_process_accel
 .text          0x000022de      0x1f4 C:\Users\megan\Google Drive\College\S6 - Spring 2017\Mobile Robotics\Lab\Library\libcapi324v221.a(STEPPER_process_run_mode.o)
                0x000022de                STEPPER_process_run_mode
 .text          0x000024d2       0xac C:\Users\megan\Google Drive\College\S6 - Spring 2017\Mobile Robotics\Lab\Library\libcapi324v221.a(STEPPER_process_step_mode.o)
                0x000024d2                STEPPER_process_step_mode
 .text          0x0000257e       0x48 C:\Users\megan\Google Drive\College\S6 - Spring 2017\Mobile Robotics\Lab\Library\libcapi324v221.a(STEPPER_stop.o)
                0x0000257e                STEPPER_stop
 .text          0x000025c6       0xd6 C:\Users\megan\Google Drive\College\S6 - Spring 2017\Mobile Robotics\Lab\Library\libcapi324v221.a(TMRSRVC_process.o)
                0x000025c6                TMRSRVC_process
 .text          0x0000269c        0x6 C:\Users\megan\Google Drive\College\S6 - Spring 2017\Mobile Robotics\Lab\Library\libcapi324v221.a(TMRSRVC_stop.o)
                0x0000269c                TMRSRVC_stop
 .text          0x000026a2      0x130 C:\Users\megan\Google Drive\College\S6 - Spring 2017\Mobile Robotics\Lab\Library\libcapi324v221.a(STEPPER_process_pwm.o)
                0x000026a2                STEPPER_process_pwm
                0x000027d2                . = ALIGN (0x2)
 *(.text.*)
 .text.getTemp  0x000027d2       0x26 main.o
                0x000027d2                getTemp
 .text.receiveTemp
                0x000027f8       0x8a main.o
                0x000027f8                receiveTemp
 .text.transmitTemp
                0x00002882       0x6c main.o
                0x00002882                transmitTemp
 .text.updateDisplay
                0x000028ee       0x7c main.o
                0x000028ee                updateDisplay
 .text.CBOT_main
                0x0000296a       0x90 main.o
                0x0000296a                CBOT_main
 .text.avr-libc
                0x000029fa      0x6c2 c:/program files (x86)/atmel/studio/7.0/toolchain/avr8/avr8-gnu-toolchain/bin/../lib/gcc/avr/4.9.2/../../../../avr/lib/avr5\libprintf_flt.a(vfprintf_flt.o)
                0x000029fa                vfprintf
 .text.avr-libc.fplib
                0x000030bc        0xa c:/program files (x86)/atmel/studio/7.0/toolchain/avr8/avr8-gnu-toolchain/bin/../lib/gcc/avr/4.9.2/../../../../avr/lib/avr5\libm.a(addsf3.o)
                0x000030bc                __subsf3
                0x000030be                __addsf3
 .text.avr-libc.fplib
                0x000030c6       0xc0 c:/program files (x86)/atmel/studio/7.0/toolchain/avr8/avr8-gnu-toolchain/bin/../lib/gcc/avr/4.9.2/../../../../avr/lib/avr5\libm.a(addsf3x.o)
                0x000030e0                __addsf3x
 .text.avr-libc.fplib
                0x00003186        0x4 c:/program files (x86)/atmel/studio/7.0/toolchain/avr8/avr8-gnu-toolchain/bin/../lib/gcc/avr/4.9.2/../../../../avr/lib/avr5\libm.a(divsf3.o)
                0x00003186                __divsf3
 .text.avr-libc.fplib
                0x0000318a       0xcc c:/program files (x86)/atmel/studio/7.0/toolchain/avr8/avr8-gnu-toolchain/bin/../lib/gcc/avr/4.9.2/../../../../avr/lib/avr5\libm.a(divsf3x.o)
                0x000031a0                __divsf3x
                0x000031a4                __divsf3_pse
 .text.avr-libc.fplib
                0x00003256       0x7a c:/program files (x86)/atmel/studio/7.0/toolchain/avr8/avr8-gnu-toolchain/bin/../lib/gcc/avr/4.9.2/../../../../avr/lib/avr5\libm.a(floatsisf.o)
                0x00003256                __floatunsisf
                0x0000325a                __floatsisf
 .text.avr-libc.fplib
                0x000032d0        0xc c:/program files (x86)/atmel/studio/7.0/toolchain/avr8/avr8-gnu-toolchain/bin/../lib/gcc/avr/4.9.2/../../../../avr/lib/avr5\libm.a(fp_inf.o)
                0x000032d0                __fp_inf
 .text.avr-libc.fplib
                0x000032dc        0x6 c:/program files (x86)/atmel/studio/7.0/toolchain/avr8/avr8-gnu-toolchain/bin/../lib/gcc/avr/4.9.2/../../../../avr/lib/avr5\libm.a(fp_nan.o)
                0x000032dc                __fp_nan
 .text.avr-libc.fplib
                0x000032e2        0xe c:/program files (x86)/atmel/studio/7.0/toolchain/avr8/avr8-gnu-toolchain/bin/../lib/gcc/avr/4.9.2/../../../../avr/lib/avr5\libm.a(fp_pscA.o)
                0x000032e2                __fp_pscA
 .text.avr-libc.fplib
                0x000032f0        0xe c:/program files (x86)/atmel/studio/7.0/toolchain/avr8/avr8-gnu-toolchain/bin/../lib/gcc/avr/4.9.2/../../../../avr/lib/avr5\libm.a(fp_pscB.o)
                0x000032f0                __fp_pscB
 .text.avr-libc.fplib
                0x000032fe       0x22 c:/program files (x86)/atmel/studio/7.0/toolchain/avr8/avr8-gnu-toolchain/bin/../lib/gcc/avr/4.9.2/../../../../avr/lib/avr5\libm.a(fp_round.o)
                0x000032fe                __fp_round
 .text.avr-libc.fplib
                0x00003320       0x44 c:/program files (x86)/atmel/studio/7.0/toolchain/avr8/avr8-gnu-toolchain/bin/../lib/gcc/avr/4.9.2/../../../../avr/lib/avr5\libm.a(fp_split3.o)
                0x00003320                __fp_split3
                0x00003330                __fp_splitA
 .text.avr-libc.fplib
                0x00003364        0xe c:/program files (x86)/atmel/studio/7.0/toolchain/avr8/avr8-gnu-toolchain/bin/../lib/gcc/avr/4.9.2/../../../../avr/lib/avr5\libm.a(fp_zero.o)
                0x00003364                __fp_zero
                0x00003366                __fp_szero
 .text.avr-libc.fplib
                0x00003372       0x74 c:/program files (x86)/atmel/studio/7.0/toolchain/avr8/avr8-gnu-toolchain/bin/../lib/gcc/avr/4.9.2/../../../../avr/lib/avr5\libm.a(lrint.o)
                0x00003372                lrint
 .text.avr-libc.fplib
                0x000033e6        0x4 c:/program files (x86)/atmel/studio/7.0/toolchain/avr8/avr8-gnu-toolchain/bin/../lib/gcc/avr/4.9.2/../../../../avr/lib/avr5\libm.a(mulsf3.o)
                0x000033e6                __mulsf3
 .text.avr-libc.fplib
                0x000033ea       0xc2 c:/program files (x86)/atmel/studio/7.0/toolchain/avr8/avr8-gnu-toolchain/bin/../lib/gcc/avr/4.9.2/../../../../avr/lib/avr5\libm.a(mulsf3x.o)
                0x000033fe                __mulsf3x
                0x00003402                __mulsf3_pse
 .text.avr-libc.fplib
                0x000034ac       0x98 c:/program files (x86)/atmel/studio/7.0/toolchain/avr8/avr8-gnu-toolchain/bin/../lib/gcc/avr/4.9.2/../../../../avr/lib/avr5\libm.a(pow.o)
                0x000034ac                pow
 .text.avr-libc.fplib
                0x00003544       0x62 c:/program files (x86)/atmel/studio/7.0/toolchain/avr8/avr8-gnu-toolchain/bin/../lib/gcc/avr/4.9.2/../../../../avr/lib/avr5\libm.a(exp.o)
                0x0000354e                exp
 .text.avr-libc.fplib
                0x000035a6       0x4a c:/program files (x86)/atmel/studio/7.0/toolchain/avr8/avr8-gnu-toolchain/bin/../lib/gcc/avr/4.9.2/../../../../avr/lib/avr5\libm.a(fp_powser.o)
                0x000035a6                __fp_powser
 .text.avr-libc.fplib
                0x000035f0        0xe c:/program files (x86)/atmel/studio/7.0/toolchain/avr8/avr8-gnu-toolchain/bin/../lib/gcc/avr/4.9.2/../../../../avr/lib/avr5\libm.a(inverse.o)
                0x000035f0                inverse
 .text.avr-libc.fplib
                0x000035fe       0x6c c:/program files (x86)/atmel/studio/7.0/toolchain/avr8/avr8-gnu-toolchain/bin/../lib/gcc/avr/4.9.2/../../../../avr/lib/avr5\libm.a(ldexp.o)
                0x00003602                ldexp
 .text.avr-libc.fplib
                0x0000366a       0x8a c:/program files (x86)/atmel/studio/7.0/toolchain/avr8/avr8-gnu-toolchain/bin/../lib/gcc/avr/4.9.2/../../../../avr/lib/avr5\libm.a(log.o)
                0x00003674                log
 .text.avr-libc.fplib
                0x000036f4       0x66 c:/program files (x86)/atmel/studio/7.0/toolchain/avr8/avr8-gnu-toolchain/bin/../lib/gcc/avr/4.9.2/../../../../avr/lib/avr5\libm.a(modf.o)
                0x000036f4                modf
                0x000036f4                modff
 .text.avr-libc.fplib
                0x0000375a       0x1c c:/program files (x86)/atmel/studio/7.0/toolchain/avr8/avr8-gnu-toolchain/bin/../lib/gcc/avr/4.9.2/../../../../avr/lib/avr5\libm.a(fp_mpack.o)
                0x0000375a                __fp_mpack
                0x0000375e                __fp_mpack_finite
 .text.libgcc.mul
                0x00003776       0x1e c:/program files (x86)/atmel/studio/7.0/toolchain/avr8/avr8-gnu-toolchain/bin/../lib/gcc/avr/4.9.2/avr5\libgcc.a(_mulsi3.o)
                0x00003776                __mulsi3
 .text.libgcc.div
                0x00003794       0x44 c:/program files (x86)/atmel/studio/7.0/toolchain/avr8/avr8-gnu-toolchain/bin/../lib/gcc/avr/4.9.2/avr5\libgcc.a(_udivmodsi4.o)
                0x00003794                __udivmodsi4
 .text.libgcc.mul
                0x000037d8       0x14 c:/program files (x86)/atmel/studio/7.0/toolchain/avr8/avr8-gnu-toolchain/bin/../lib/gcc/avr/4.9.2/avr5\libgcc.a(_muluhisi3.o)
                0x000037d8                __muluhisi3
 .text.libgcc.prologue
                0x000037ec       0x38 c:/program files (x86)/atmel/studio/7.0/toolchain/avr8/avr8-gnu-toolchain/bin/../lib/gcc/avr/4.9.2/avr5\libgcc.a(_prologue.o)
                0x000037ec                __prologue_saves__
 .text.libgcc.prologue
                0x00003824       0x36 c:/program files (x86)/atmel/studio/7.0/toolchain/avr8/avr8-gnu-toolchain/bin/../lib/gcc/avr/4.9.2/avr5\libgcc.a(_epilogue.o)
                0x00003824                __epilogue_restores__
 .text.libgcc.mul
                0x0000385a       0x1e c:/program files (x86)/atmel/studio/7.0/toolchain/avr8/avr8-gnu-toolchain/bin/../lib/gcc/avr/4.9.2/avr5\libgcc.a(_umulhisi3.o)
                0x0000385a                __umulhisi3
 .text.avr-libc
                0x00003878      0x25a c:/program files (x86)/atmel/studio/7.0/toolchain/avr8/avr8-gnu-toolchain/bin/../lib/gcc/avr/4.9.2/../../../../avr/lib/avr5\libc.a(malloc.o)
                0x00003878                malloc
                0x000039a2                free
 .text.avr-libc
                0x00003ad2      0x1b0 c:/program files (x86)/atmel/studio/7.0/toolchain/avr8/avr8-gnu-toolchain/bin/../lib/gcc/avr/4.9.2/../../../../avr/lib/avr5\libc.a(ftoa_engine.o)
                0x00003ad2                __ftoa_engine
 .text.avr-libc
                0x00003c82       0x16 c:/program files (x86)/atmel/studio/7.0/toolchain/avr8/avr8-gnu-toolchain/bin/../lib/gcc/avr/4.9.2/../../../../avr/lib/avr5\libc.a(strnlen_P.o)
                0x00003c82                strnlen_P
 .text.avr-libc
                0x00003c98       0x16 c:/program files (x86)/atmel/studio/7.0/toolchain/avr8/avr8-gnu-toolchain/bin/../lib/gcc/avr/4.9.2/../../../../avr/lib/avr5\libc.a(strnlen.o)
                0x00003c98                strnlen
 .text.avr-libc
                0x00003cae       0x70 c:/program files (x86)/atmel/studio/7.0/toolchain/avr8/avr8-gnu-toolchain/bin/../lib/gcc/avr/4.9.2/../../../../avr/lib/avr5\libc.a(fputc.o)
                0x00003cae                fputc
 .text.avr-libc
                0x00003d1e       0x28 c:/program files (x86)/atmel/studio/7.0/toolchain/avr8/avr8-gnu-toolchain/bin/../lib/gcc/avr/4.9.2/../../../../avr/lib/avr5\libc.a(printf.o)
                0x00003d1e                printf
 .text.avr-libc
                0x00003d46       0xbc c:/program files (x86)/atmel/studio/7.0/toolchain/avr8/avr8-gnu-toolchain/bin/../lib/gcc/avr/4.9.2/../../../../avr/lib/avr5\libc.a(ultoa_invert.o)
                0x00003d46                __ultoa_invert
                0x00003e02                . = ALIGN (0x2)
 *(.fini9)
 .fini9         0x00003e02        0x0 c:/program files (x86)/atmel/studio/7.0/toolchain/avr8/avr8-gnu-toolchain/bin/../lib/gcc/avr/4.9.2/avr5\libgcc.a(_exit.o)
                0x00003e02                _exit
                0x00003e02                exit
 *(.fini9)
 *(.fini8)
 *(.fini8)
 *(.fini7)
 *(.fini7)
 *(.fini6)
 *(.fini6)
 *(.fini5)
 *(.fini5)
 *(.fini4)
 *(.fini4)
 *(.fini3)
 *(.fini3)
 *(.fini2)
 *(.fini2)
 *(.fini1)
 *(.fini1)
 *(.fini0)
 .fini0         0x00003e02        0x4 c:/program files (x86)/atmel/studio/7.0/toolchain/avr8/avr8-gnu-toolchain/bin/../lib/gcc/avr/4.9.2/avr5\libgcc.a(_exit.o)
 *(.fini0)
                0x00003e06                _etext = .

.data           0x00800100       0x3c load address 0x00003e06
                0x00800100                PROVIDE (__data_start, .)
 *(.data)
 .data          0x00800100        0x1 C:\Users\megan\Google Drive\College\S6 - Spring 2017\Mobile Robotics\Lab\Library\libcapi324v221.a(ADC_set_channel.o)
 .data          0x00800101        0xe C:\Users\megan\Google Drive\College\S6 - Spring 2017\Mobile Robotics\Lab\Library\libcapi324v221.a(LCD_globals.o)
                0x00800101                LCD_stdout
 .data          0x0080010f        0x8 C:\Users\megan\Google Drive\College\S6 - Spring 2017\Mobile Robotics\Lab\Library\libcapi324v221.a(STEPPER_globals.o)
                0x0080010f                Motor_L_LUT
                0x00800113                Motor_R_LUT
 .data          0x00800117        0x6 c:/program files (x86)/atmel/studio/7.0/toolchain/avr8/avr8-gnu-toolchain/bin/../lib/gcc/avr/4.9.2/../../../../avr/lib/avr5\libc.a(malloc.o)
                0x00800117                __malloc_heap_end
                0x00800119                __malloc_heap_start
                0x0080011b                __malloc_margin
 *(.data*)
 *(.rodata)
 *(.rodata*)
 .rodata.str1.1
                0x0080011d       0x1e main.o
 *(.gnu.linkonce.d*)
                0x0080013c                . = ALIGN (0x2)
 *fill*         0x0080013b        0x1 
                0x0080013c                _edata = .
                0x0080013c                PROVIDE (__data_end, .)

.bss            0x0080013c      0x102
                0x0080013c                PROVIDE (__bss_start, .)
 *(.bss)
 .bss           0x0080013c       0x40 C:\Users\megan\Google Drive\College\S6 - Spring 2017\Mobile Robotics\Lab\Library\libcapi324v221.a(ISR_globals.o)
                0x0080013c                CBOT_ISR_vtable
 .bss           0x0080017c       0x10 C:\Users\megan\Google Drive\College\S6 - Spring 2017\Mobile Robotics\Lab\Library\libcapi324v221.a(SPI_globals.o)
                0x0080017c                spi_config_func_LUT
 .bss           0x0080018c       0x10 C:\Users\megan\Google Drive\College\S6 - Spring 2017\Mobile Robotics\Lab\Library\libcapi324v221.a(SPKR_globals.o)
                0x0080018c                tone_mode_active
                0x0080018d                beep_mode_active
                0x0080018e                spkr_accum32
                0x00800192                spkr_freq
                0x00800196                beep_accum16
                0x00800198                beep_freq
                0x0080019a                p_Freq_LUT
 .bss           0x0080019c        0x2 C:\Users\megan\Google Drive\College\S6 - Spring 2017\Mobile Robotics\Lab\Library\libcapi324v221.a(TMRSRVC_globals.o)
                0x0080019c                timer_busy_status
                0x0080019d                timer_run_status
 .bss           0x0080019e        0x1 C:\Users\megan\Google Drive\College\S6 - Spring 2017\Mobile Robotics\Lab\Library\libcapi324v221.a(STEPPER_process_run_mode.o)
 .bss           0x0080019f        0x4 C:\Users\megan\Google Drive\College\S6 - Spring 2017\Mobile Robotics\Lab\Library\libcapi324v221.a(STEPPER_process_pwm.o)
 *(.bss*)
 *(COMMON)
 COMMON         0x008001a3       0x15 C:\Users\megan\Google Drive\College\S6 - Spring 2017\Mobile Robotics\Lab\Library\libcapi324v221.a(SYS_globals.o)
                0x008001a3                CBOT_SYSTEM_refcount
 COMMON         0x008001b8       0x1c C:\Users\megan\Google Drive\College\S6 - Spring 2017\Mobile Robotics\Lab\Library\libcapi324v221.a(UART_globals.o)
                0x008001b8                UART1_timeout_timer
                0x008001c1                UART0_timeout_timer
                0x008001ca                UART_params
 COMMON         0x008001d4        0x5 C:\Users\megan\Google Drive\College\S6 - Spring 2017\Mobile Robotics\Lab\Library\libcapi324v221.a(LCD_globals.o)
                0x008001d4                LCD_params
 COMMON         0x008001d9        0x1 C:\Users\megan\Google Drive\College\S6 - Spring 2017\Mobile Robotics\Lab\Library\libcapi324v221.a(SPI_globals.o)
                0x008001d9                curr_spi_addr
 COMMON         0x008001da       0x39 C:\Users\megan\Google Drive\College\S6 - Spring 2017\Mobile Robotics\Lab\Library\libcapi324v221.a(STEPPER_globals.o)
                0x008001da                STEPPER_params
                0x00800211                step_done
 COMMON         0x00800213       0x1e C:\Users\megan\Google Drive\College\S6 - Spring 2017\Mobile Robotics\Lab\Library\libcapi324v221.a(ATTINY_globals.o)
                0x00800213                ATTINY_params
 COMMON         0x00800231        0x3 C:\Users\megan\Google Drive\College\S6 - Spring 2017\Mobile Robotics\Lab\Library\libcapi324v221.a(TMRSRVC_globals.o)
                0x00800231                tmrNodes
 COMMON         0x00800234        0x4 c:/program files (x86)/atmel/studio/7.0/toolchain/avr8/avr8-gnu-toolchain/bin/../lib/gcc/avr/4.9.2/../../../../avr/lib/avr5\libc.a(malloc.o)
                0x00800234                __brkval
                0x00800236                __flp
 COMMON         0x00800238        0x6 c:/program files (x86)/atmel/studio/7.0/toolchain/avr8/avr8-gnu-toolchain/bin/../lib/gcc/avr/4.9.2/../../../../avr/lib/avr5\libc.a(iob.o)
                0x00800238                __iob
                0x0080023e                PROVIDE (__bss_end, .)
                0x00003e06                __data_load_start = LOADADDR (.data)
                0x00003e42                __data_load_end = (__data_load_start + SIZEOF (.data))

.noinit         0x0080023e        0x0
                [!provide]                PROVIDE (__noinit_start, .)
 *(.noinit*)
                [!provide]                PROVIDE (__noinit_end, .)
                0x0080023e                _end = .
                0x0080023e                PROVIDE (__heap_start, .)

.eeprom         0x00810000        0x0
 *(.eeprom*)
                0x00810000                __eeprom_end = .

.fuse
 *(.fuse)
 *(.lfuse)
 *(.hfuse)
 *(.efuse)

.lock
 *(.lock*)

.signature
 *(.signature*)

.user_signatures
 *(.user_signatures*)

.stab
 *(.stab)

.stabstr
 *(.stabstr)

.stab.excl
 *(.stab.excl)

.stab.exclstr
 *(.stab.exclstr)

.stab.index
 *(.stab.index)

.stab.indexstr
 *(.stab.indexstr)

.comment        0x00000000       0x5c
 *(.comment)
 .comment       0x00000000       0x30 main.o
                                 0x31 (size before relaxing)
 .comment       0x00000030       0x2c c:/program files (x86)/atmel/studio/7.0/toolchain/avr8/avr8-gnu-toolchain/bin/../lib/gcc/avr/4.9.2/../../../../avr/lib/avr5\libprintf_flt.a(vfprintf_flt.o)
                                 0x2d (size before relaxing)
 .comment       0x0000005c       0x31 c:/program files (x86)/atmel/studio/7.0/toolchain/avr8/avr8-gnu-toolchain/bin/../lib/gcc/avr/4.9.2/../../../../avr/lib/avr5\libc.a(malloc.o)
 .comment       0x0000005c       0x31 c:/program files (x86)/atmel/studio/7.0/toolchain/avr8/avr8-gnu-toolchain/bin/../lib/gcc/avr/4.9.2/../../../../avr/lib/avr5\libc.a(fputc.o)
 .comment       0x0000005c       0x31 c:/program files (x86)/atmel/studio/7.0/toolchain/avr8/avr8-gnu-toolchain/bin/../lib/gcc/avr/4.9.2/../../../../avr/lib/avr5\libc.a(iob.o)
 .comment       0x0000005c       0x31 c:/program files (x86)/atmel/studio/7.0/toolchain/avr8/avr8-gnu-toolchain/bin/../lib/gcc/avr/4.9.2/../../../../avr/lib/avr5\libc.a(printf.o)

.note.gnu.avr.deviceinfo
                0x00000000       0x40
 .note.gnu.avr.deviceinfo
                0x00000000       0x40 C:/Program Files (x86)/Atmel/Studio/7.0/Packs/atmel/ATmega_DFP/1.1.130/gcc/dev/atmega324p/avr5/crtatmega324p.o

.note.gnu.build-id
 *(.note.gnu.build-id)

.debug
 *(.debug)

.line
 *(.line)

.debug_srcinfo
 *(.debug_srcinfo)

.debug_sfnames
 *(.debug_sfnames)

.debug_aranges
 *(.debug_aranges)

.debug_pubnames
 *(.debug_pubnames)

.debug_info     0x00000000      0x6cc
 *(.debug_info .gnu.linkonce.wi.*)
 .debug_info    0x00000000      0x6cc C:/Program Files (x86)/Atmel/Studio/7.0/Packs/atmel/ATmega_DFP/1.1.130/gcc/dev/atmega324p/avr5/crtatmega324p.o

.debug_abbrev   0x00000000      0x66e
 *(.debug_abbrev)
 .debug_abbrev  0x00000000      0x66e C:/Program Files (x86)/Atmel/Studio/7.0/Packs/atmel/ATmega_DFP/1.1.130/gcc/dev/atmega324p/avr5/crtatmega324p.o

.debug_line     0x00000000      0x151
 *(.debug_line .debug_line.* .debug_line_end)
 .debug_line    0x00000000      0x151 C:/Program Files (x86)/Atmel/Studio/7.0/Packs/atmel/ATmega_DFP/1.1.130/gcc/dev/atmega324p/avr5/crtatmega324p.o

.debug_frame
 *(.debug_frame)

.debug_str      0x00000000      0x255
 *(.debug_str)
 .debug_str     0x00000000      0x255 C:/Program Files (x86)/Atmel/Studio/7.0/Packs/atmel/ATmega_DFP/1.1.130/gcc/dev/atmega324p/avr5/crtatmega324p.o

.debug_loc
 *(.debug_loc)

.debug_macinfo
 *(.debug_macinfo)

.debug_weaknames
 *(.debug_weaknames)

.debug_funcnames
 *(.debug_funcnames)

.debug_typenames
 *(.debug_typenames)

.debug_varnames
 *(.debug_varnames)

.debug_pubtypes
 *(.debug_pubtypes)

.debug_ranges
 *(.debug_ranges)

.debug_macro
 *(.debug_macro)
OUTPUT(XBeeBoT.elf elf32-avr)
LOAD linker stubs
